---
source: crates/pyrogen_checker/src/type_ignore.rs
expression: "Directive::try_extract(source, TextSize::default())"
---
Ok(
    Some(
        Codes(
            Codes {
                range: 0..21,
                codes: [
                    "override",
                ],
            },
        ),
    ),
)
