---
source: crates/pyrogen_checker/src/type_ignore.rs
expression: "Directive::try_extract(source, TextSize::default())"
---
Ok(
    Some(
        All(
            All {
                range: 0..16,
            },
        ),
    ),
)
