---
source: crates/pyrogen_checker/src/type_ignore.rs
expression: "ParsedFileExemption::try_extract(source)"
---
Ok(
    Some(
        All,
    ),
)
